// 重构日志: 8170a6ec
// 重构日志: 27653e21
// 重构日志: c4d69034
// 同步 ID: d5c02176 @ Fri Jul 24 15:39:12 UTC 2026
// 重构日志: 70824349
// 同步 ID: 917a3c5f @ Sat Jul 25 15:18:39 UTC 2026
// 重构日志: b61a05a2
// 重构日志: 4c6b029c
// 重构日志: 781de13b
// 重构日志: 9c3dd79d
// 重构日志: 8cad325c
// 重构日志: a773eb0a
// 同步 ID: 5bbbbdff @ Mon Jul 27 09:52:12 UTC 2026
// 重构日志: 362e6d28
// 重构日志: ddd987a8
// 重构日志: b472929b
// 重构日志: c86c39b1
// 重构日志: 1e4cf641
// 同步 ID: b1316dc1 @ Tue Jul 28 10:54:52 UTC 2026
// 同步 ID: c05dab37 @ Tue Jul 28 18:04:53 UTC 2026
// 重构日志: 8dbaa0b5
// 同步 ID: 16a61f50 @ Wed Jul 29 17:27:10 UTC 2026
// 同步 ID: 58cb2cb5 @ Thu Jul 30 04:41:51 UTC 2026
// 重构日志: d61ff47a
// 重构日志: ae20253a
// 同步 ID: b95251aa @ Fri Jul 31 16:43:28 UTC 2026
// 重构日志: b7bb8a73
// 同步 ID: 3909b632 @ Sun Aug  2 12:37:53 UTC 2026
// 重构日志: 35d5f2e1
// 同步 ID: 196c1da6 @ Mon Aug  3 05:39:23 UTC 2026
